// Jest Snapshot v1, https://goo.gl/fbAQLP

exports[`Footer should render banner text correctly with given strings 1`] = `
<div>
  <span>
    Show: 
  </span>
  <Connect(Link)
    filter="SHOW_ALL"
  >
    All
  </Connect(Link)>
  <Connect(Link)
    filter="SHOW_ACTIVE"
  >
    Active
  </Connect(Link)>
  <Connect(Link)
    filter="SHOW_COMPLETED"
  >
    Completed
  </Connect(Link)>
</div>
`;

exports[`Footer should render correctly with no props 1`] = `
<div>
  <span>
    Show: 
  </span>
  <Connect(Link)
    filter="SHOW_ALL"
  >
    All
  </Connect(Link)>
  <Connect(Link)
    filter="SHOW_ACTIVE"
  >
    Active
  </Connect(Link)>
  <Connect(Link)
    filter="SHOW_COMPLETED"
  >
    Completed
  </Connect(Link)>
</div>
`;
